93 INFO: PyInstaller: 6.22.2, contrib hooks: 2026.8
94 INFO: Python: 3.13.15
109 INFO: Platform: Windows-11-10.0.26200-SP0
109 INFO: Python environment: <project>\통합설치\.buildenv
110 INFO: wrote <project>\통합설치\.work\20261005_193554_4023abec\launcher\python.spec
111 INFO: Removing temporary files and cleaning cache in <local>\AppData\Local\pyinstaller
88 WARNING: Failed to collect submodules for 'webview.platforms.android' because importing 'webview.platforms.android' raised: ModuleNotFoundError: No module named 'android'
2333 INFO: Module search paths (PYTHONPATH):
['<path> 프로젝트\\수정본113',
 '<path> 프로젝트\\수정본113\\통합설치',
 '<path>',
 '<path>',
 '<path>',
 '<path>',
 '<path> 프로젝트\\수정본113\\통합설치\\.buildenv',
 '<path> '
 '프로젝트\\수정본113\\통합설치\\.buildenv\\Lib\\site-packages',
 '<path> '
 '프로젝트\\수정본113\\통합설치\\.work\\20261005_193554_4023abec\\launcher']
2630 INFO: Appending 'binaries' from .spec
2630 INFO: Appending 'datas' from .spec
2643 INFO: checking Analysis
2643 INFO: Building Analysis because Analysis-00.toc is non existent
2643 INFO: Looking for Python shared library...
2643 INFO: Using Python shared library: <local>\AppData\Local\Programs\Python\Python313\python313.dll
2643 INFO: Running Analysis Analysis-00.toc
2643 INFO: Target bytecode optimization level: 0
2643 INFO: Initializing module dependency graph...
2644 INFO: Initializing module graph hook caches...
2663 INFO: Analyzing modules for base_library.zip ...
3207 INFO: Processing standard module hook 'hook-math.py' from '<path> 프로젝트\\수정본113\\통합설치\\.buildenv\\Lib\\site-packages\\PyInstaller\\hooks'
3498 INFO: Processing standard module hook 'hook-encodings.py' from '<path> 프로젝트\\수정본113\\통합설치\\.buildenv\\Lib\\site-packages\\PyInstaller\\hooks'
5743 INFO: Processing standard module hook 'hook-pickle.py' from '<path> 프로젝트\\수정본113\\통합설치\\.buildenv\\Lib\\site-packages\\PyInstaller\\hooks'
6814 INFO: Processing standard module hook 'hook-heapq.py' from '<path> 프로젝트\\수정본113\\통합설치\\.buildenv\\Lib\\site-packages\\PyInstaller\\hooks'
7415 INFO: Caching module dependency graph...
7457 INFO: Analyzing <project>\통합설치\.work\20261005_193554_4023abec\launcher\entry.py
7626 INFO: Processing standard module hook 'hook-multiprocessing.util.py' from '<path> 프로젝트\\수정본113\\통합설치\\.buildenv\\Lib\\site-packages\\PyInstaller\\hooks'
7848 INFO: Processing standard module hook 'hook-xml.py' from '<path> 프로젝트\\수정본113\\통합설치\\.buildenv\\Lib\\site-packages\\PyInstaller\\hooks'
8144 INFO: Processing standard module hook 'hook-sysconfig.py' from '<path> 프로젝트\\수정본113\\통합설치\\.buildenv\\Lib\\site-packages\\PyInstaller\\hooks'
8151 INFO: Processing standard module hook 'hook-_ctypes.py' from '<path> 프로젝트\\수정본113\\통합설치\\.buildenv\\Lib\\site-packages\\PyInstaller\\hooks'
8246 INFO: Analyzing hidden import 'MetaTrader5'
8257 INFO: Analyzing hidden import 'clr'
8257 INFO: Processing standard module hook 'hook-clr.py' from '<path> 프로젝트\\수정본113\\통합설치\\.buildenv\\Lib\\site-packages\\pythonnet\\_pyinstaller'
8280 INFO: Processing standard module hook 'hook-clr_loader.py' from '<path> 프로젝트\\수정본113\\통합설치\\.buildenv\\Lib\\site-packages\\_pyinstaller_hooks_contrib\\stdhooks'
8416 INFO: Processing standard module hook 'hook-pycparser.py' from '<path> 프로젝트\\수정본113\\통합설치\\.buildenv\\Lib\\site-packages\\_pyinstaller_hooks_contrib\\stdhooks'
8622 INFO: Processing standard module hook 'hook-setuptools.py' from '<path> 프로젝트\\수정본113\\통합설치\\.buildenv\\Lib\\site-packages\\PyInstaller\\hooks'
8624 INFO: SetuptoolsInfo: initializing cached setuptools info...
8983 INFO: Processing standard module hook 'hook-platform.py' from '<path> 프로젝트\\수정본113\\통합설치\\.buildenv\\Lib\\site-packages\\PyInstaller\\hooks'
8985 INFO: Processing pre-safe-import-module hook 'hook-distutils.py' from '<path> 프로젝트\\수정본113\\통합설치\\.buildenv\\Lib\\site-packages\\PyInstaller\\hooks\\pre_safe_import_module'
9015 INFO: Processing pre-safe-import-module hook 'hook-jaraco.py' from '<path> 프로젝트\\수정본113\\통합설치\\.buildenv\\Lib\\site-packages\\PyInstaller\\hooks\\pre_safe_import_module'
9016 INFO: Setuptools: 'jaraco' appears to be a full setuptools-vendored copy - creating alias to 'setuptools._vendor.jaraco'!
9030 INFO: Processing pre-safe-import-module hook 'hook-more_itertools.py' from '<path> 프로젝트\\수정본113\\통합설치\\.buildenv\\Lib\\site-packages\\PyInstaller\\hooks\\pre_safe_import_module'
9030 INFO: Setuptools: 'more_itertools' appears to be a setuptools-vendored copy - creating alias to 'setuptools._vendor.more_itertools'!
9205 INFO: Processing standard module hook 'hook-_osx_support.py' from '<path> 프로젝트\\수정본113\\통합설치\\.buildenv\\Lib\\site-packages\\PyInstaller\\hooks'
9210 INFO: Processing pre-safe-import-module hook 'hook-typing_extensions.py' from '<path> 프로젝트\\수정본113\\통합설치\\.buildenv\\Lib\\site-packages\\PyInstaller\\hooks\\pre_safe_import_module'
9982 INFO: Processing pre-safe-import-module hook 'hook-packaging.py' from '<path> 프로젝트\\수정본113\\통합설치\\.buildenv\\Lib\\site-packages\\PyInstaller\\hooks\\pre_safe_import_module'
10330 INFO: Processing standard module hook 'hook-setuptools._vendor.jaraco.text.py' from '<path> 프로젝트\\수정본113\\통합설치\\.buildenv\\Lib\\site-packages\\PyInstaller\\hooks'
10332 INFO: Processing pre-safe-import-module hook 'hook-importlib_resources.py' from '<path> 프로젝트\\수정본113\\통합설치\\.buildenv\\Lib\\site-packages\\PyInstaller\\hooks\\pre_safe_import_module'
10579 INFO: Processing pre-safe-import-module hook 'hook-backports.py' from '<path> 프로젝트\\수정본113\\통합설치\\.buildenv\\Lib\\site-packages\\PyInstaller\\hooks\\pre_safe_import_module'
10580 INFO: Setuptools: 'backports' appears to be a full setuptools-vendored copy - creating alias to 'setuptools._vendor.backports'!
11294 INFO: Processing pre-safe-import-module hook 'hook-tomli.py' from '<path> 프로젝트\\수정본113\\통합설치\\.buildenv\\Lib\\site-packages\\PyInstaller\\hooks\\pre_safe_import_module'
11296 INFO: Setuptools: 'tomli' appears to be a setuptools-vendored copy - creating alias to 'setuptools._vendor.tomli'!
11943 INFO: Processing pre-safe-import-module hook 'hook-wheel.py' from '<path> 프로젝트\\수정본113\\통합설치\\.buildenv\\Lib\\site-packages\\PyInstaller\\hooks\\pre_safe_import_module'
11944 INFO: Setuptools: 'wheel' appears to be a setuptools-vendored copy - creating alias to 'setuptools._vendor.wheel'!
12385 INFO: Processing standard module hook 'hook-webbrowser.py' from '<path> 프로젝트\\수정본113\\통합설치\\.buildenv\\Lib\\site-packages\\PyInstaller\\hooks'
13023 INFO: Processing standard module hook 'hook-xml.etree.cElementTree.py' from '<path> 프로젝트\\수정본113\\통합설치\\.buildenv\\Lib\\site-packages\\PyInstaller\\hooks'
13060 INFO: Analyzing hidden import 'collections.abc'
13060 ERROR: Hidden import 'collections.abc' not found
13060 INFO: Analyzing hidden import 'duckdb'
13064 INFO: Processing standard module hook 'hook-duckdb.py' from '<path> 프로젝트\\수정본113\\통합설치\\.buildenv\\Lib\\site-packages\\_pyinstaller_hooks_contrib\\stdhooks'
13357 INFO: Analyzing hidden import 'html.parser'
13376 INFO: Analyzing hidden import 'jsonschema'
13378 INFO: Processing standard module hook 'hook-jsonschema.py' from '<path> 프로젝트\\수정본113\\통합설치\\.buildenv\\Lib\\site-packages\\_pyinstaller_hooks_contrib\\stdhooks'
13618 INFO: Processing standard module hook 'hook-jsonschema_specifications.py' from '<path> 프로젝트\\수정본113\\통합설치\\.buildenv\\Lib\\site-packages\\_pyinstaller_hooks_contrib\\stdhooks'
13658 INFO: Processing standard module hook 'hook-urllib3.py' from '<path> 프로젝트\\수정본113\\통합설치\\.buildenv\\Lib\\site-packages\\_pyinstaller_hooks_contrib\\stdhooks'
13921 INFO: Processing standard module hook 'hook-certifi.py' from '<path> 프로젝트\\수정본113\\통합설치\\.buildenv\\Lib\\site-packages\\_pyinstaller_hooks_contrib\\stdhooks'
13949 INFO: Processing standard module hook 'hook-charset_normalizer.py' from '<path> 프로젝트\\수정본113\\통합설치\\.buildenv\\Lib\\site-packages\\_pyinstaller_hooks_contrib\\stdhooks'
14075 INFO: Analyzing hidden import 'logging.handlers'
14118 INFO: Analyzing hidden import 'numpy'
14129 INFO: Processing standard module hook 'hook-numpy.py' from '<path> 프로젝트\\수정본113\\통합설치\\.buildenv\\Lib\\site-packages\\PyInstaller\\hooks'
14474 INFO: Processing standard module hook 'hook-difflib.py' from '<path> 프로젝트\\수정본113\\통합설치\\.buildenv\\Lib\\site-packages\\PyInstaller\\hooks'
15629 INFO: Analyzing hidden import 'pandas'
15632 INFO: Processing standard module hook 'hook-pandas.py' from '<path> 프로젝트\\수정본113\\통합설치\\.buildenv\\Lib\\site-packages\\PyInstaller\\hooks'
16553 INFO: Processing standard module hook 'hook-zoneinfo.py' from '<path> 프로젝트\\수정본113\\통합설치\\.buildenv\\Lib\\site-packages\\_pyinstaller_hooks_contrib\\stdhooks'
17527 INFO: Processing standard module hook 'hook-pandas.io.formats.style.py' from '<path> 프로젝트\\수정본113\\통합설치\\.buildenv\\Lib\\site-packages\\PyInstaller\\hooks'
20057 INFO: Processing standard module hook 'hook-pandas.plotting.py' from '<path> 프로젝트\\수정본113\\통합설치\\.buildenv\\Lib\\site-packages\\PyInstaller\\hooks'
20716 INFO: Processing standard module hook 'hook-dateutil.py' from '<path> 프로젝트\\수정본113\\통합설치\\.buildenv\\Lib\\site-packages\\_pyinstaller_hooks_contrib\\stdhooks'
20910 INFO: Processing pre-safe-import-module hook 'hook-six.moves.py' from '<path> 프로젝트\\수정본113\\통합설치\\.buildenv\\Lib\\site-packages\\PyInstaller\\hooks\\pre_safe_import_module'
22454 INFO: Processing standard module hook 'hook-sqlite3.py' from '<path> 프로젝트\\수정본113\\통합설치\\.buildenv\\Lib\\site-packages\\PyInstaller\\hooks'
22701 INFO: Processing standard module hook 'hook-pandas.io.clipboard.py' from '<path> 프로젝트\\수정본113\\통합설치\\.buildenv\\Lib\\site-packages\\PyInstaller\\hooks'
22858 INFO: Processing standard module hook 'hook-xml.dom.domreg.py' from '<path> 프로젝트\\수정본113\\통합설치\\.buildenv\\Lib\\site-packages\\PyInstaller\\hooks'
23408 INFO: Analyzing hidden import 'tzdata'
23409 INFO: Analyzing hidden import 'webview'
23425 INFO: Processing standard module hook 'hook-webview.py' from '<path> 프로젝트\\수정본113\\통합설치\\.buildenv\\Lib\\site-packages\\webview\\__pyinstaller'
23952 INFO: Processing pre-safe-import-module hook 'hook-gi.py' from '<path> 프로젝트\\수정본113\\통합설치\\.buildenv\\Lib\\site-packages\\PyInstaller\\hooks\\pre_safe_import_module'
24178 INFO: Analyzing hidden import 'zmq'
24182 INFO: Processing standard module hook 'hook-zmq.py' from '<path> 프로젝트\\수정본113\\통합설치\\.buildenv\\Lib\\site-packages\\_pyinstaller_hooks_contrib\\stdhooks'
24508 INFO: Analyzing hidden import 'webview.__pyinstaller'
24509 INFO: Analyzing hidden import 'webview.__pyinstaller.hook-webview'
24522 INFO: Processing pre-safe-import-module hook 'hook-importlib_metadata.py' from '<path> 프로젝트\\수정본113\\통합설치\\.buildenv\\Lib\\site-packages\\PyInstaller\\hooks\\pre_safe_import_module'
24523 INFO: Setuptools: 'importlib_metadata' appears to be a setuptools-vendored copy - creating alias to 'setuptools._vendor.importlib_metadata'!
24550 INFO: Processing standard module hook 'hook-setuptools._vendor.importlib_metadata.py' from '<path> 프로젝트\\수정본113\\통합설치\\.buildenv\\Lib\\site-packages\\PyInstaller\\hooks'
24579 INFO: Processing pre-safe-import-module hook 'hook-zipp.py' from '<path> 프로젝트\\수정본113\\통합설치\\.buildenv\\Lib\\site-packages\\PyInstaller\\hooks\\pre_safe_import_module'
24579 INFO: Setuptools: 'zipp' appears to be a setuptools-vendored copy - creating alias to 'setuptools._vendor.zipp'!
24619 INFO: Processing standard module hook 'hook-win32ctypes.core.py' from '<path> 프로젝트\\수정본113\\통합설치\\.buildenv\\Lib\\site-packages\\PyInstaller\\hooks'
25824 INFO: Analyzing hidden import 'webview._version'
25825 INFO: Analyzing hidden import 'pythonnet._pyinstaller'
25826 INFO: Analyzing hidden import 'pythonnet._pyinstaller.hook-clr'
25827 INFO: Analyzing hidden import 'tzdata.zoneinfo'
25828 INFO: Analyzing hidden import 'tzdata.zoneinfo.Africa'
25829 INFO: Analyzing hidden import 'tzdata.zoneinfo.America'
25829 INFO: Analyzing hidden import 'tzdata.zoneinfo.America.Argentina'
25830 INFO: Analyzing hidden import 'tzdata.zoneinfo.America.Indiana'
25831 INFO: Analyzing hidden import 'tzdata.zoneinfo.America.Kentucky'
25831 INFO: Analyzing hidden import 'tzdata.zoneinfo.America.North_Dakota'
25832 INFO: Analyzing hidden import 'tzdata.zoneinfo.Antarctica'
25832 INFO: Analyzing hidden import 'tzdata.zoneinfo.Arctic'
25833 INFO: Analyzing hidden import 'tzdata.zoneinfo.Asia'
25833 INFO: Analyzing hidden import 'tzdata.zoneinfo.Atlantic'
25833 INFO: Analyzing hidden import 'tzdata.zoneinfo.Australia'
25834 INFO: Analyzing hidden import 'tzdata.zoneinfo.Brazil'
25834 INFO: Analyzing hidden import 'tzdata.zoneinfo.Canada'
25835 INFO: Analyzing hidden import 'tzdata.zoneinfo.Chile'
25835 INFO: Analyzing hidden import 'tzdata.zoneinfo.Etc'
25836 INFO: Analyzing hidden import 'tzdata.zoneinfo.Europe'
25836 INFO: Analyzing hidden import 'tzdata.zoneinfo.Indian'
25837 INFO: Analyzing hidden import 'tzdata.zoneinfo.Mexico'
25837 INFO: Analyzing hidden import 'tzdata.zoneinfo.Pacific'
25838 INFO: Analyzing hidden import 'tzdata.zoneinfo.US'
25838 INFO: Analyzing hidden import 'jsonschema_specifications.tests'
25839 INFO: Analyzing hidden import 'jsonschema_specifications.tests.test_jsonschema_specifications'
25841 INFO: Processing module hooks (post-graph stage)...
26194 WARNING: Hidden import "pycparser.lextab" not found!
26195 WARNING: Hidden import "pycparser.yacctab" not found!
26195 INFO: Processing standard module hook 'hook-tzdata.py' from '<path> 프로젝트\\수정본113\\통합설치\\.buildenv\\Lib\\site-packages\\_pyinstaller_hooks_contrib\\stdhooks'
26814 INFO: Performing binary vs. data reclassification (810 entries)
28528 INFO: Looking for ctypes DLLs
28639 INFO: Analyzing run-time hooks ...
28647 INFO: Including run-time hook 'pyi_rth_inspect.py' from '<path> 프로젝트\\수정본113\\통합설치\\.buildenv\\Lib\\site-packages\\PyInstaller\\hooks\\rthooks'
28651 INFO: Including run-time hook 'pyi_rth_pkgutil.py' from '<path> 프로젝트\\수정본113\\통합설치\\.buildenv\\Lib\\site-packages\\PyInstaller\\hooks\\rthooks'
28653 INFO: Including run-time hook 'pyi_rth_setuptools.py' from '<path> 프로젝트\\수정본113\\통합설치\\.buildenv\\Lib\\site-packages\\PyInstaller\\hooks\\rthooks'
28655 INFO: Including run-time hook 'pyi_rth_multiprocessing.py' from '<path> 프로젝트\\수정본113\\통합설치\\.buildenv\\Lib\\site-packages\\PyInstaller\\hooks\\rthooks'
28702 INFO: Creating base_library.zip...
28726 INFO: Looking for dynamic libraries
29498 INFO: Extra DLL search directories (AddDllDirectory): ['<path> 프로젝트\\수정본113\\통합설치\\.buildenv\\Lib\\site-packages\\pandas.libs', '<path> 프로젝트\\수정본113\\통합설치\\.buildenv\\Lib\\site-packages\\numpy.libs']
29499 INFO: Extra DLL search directories (PATH): []
30291 INFO: Warnings written to <project>\통합설치\.work\20261005_193554_4023abec\pyinstaller\python\warn-python.txt
30430 INFO: Graph cross-reference written to <project>\통합설치\.work\20261005_193554_4023abec\pyinstaller\python\xref-python.html
30545 INFO: checking PYZ
30545 INFO: Building PYZ because PYZ-00.toc is non existent
30545 INFO: Building PYZ (ZlibArchive) <project>\통합설치\.work\20261005_193554_4023abec\pyinstaller\python\PYZ-00.pyz
31830 INFO: Building PYZ (ZlibArchive) <project>\통합설치\.work\20261005_193554_4023abec\pyinstaller\python\PYZ-00.pyz completed successfully.
31871 INFO: checking PKG
31871 INFO: Building PKG because PKG-00.toc is non existent
31871 INFO: Building PKG (CArchive) python.pkg
31900 INFO: Building PKG (CArchive) python.pkg completed successfully.
31901 INFO: Bootloader <project>\통합설치\.buildenv\Lib\site-packages\PyInstaller\bootloader\Windows-64bit-intel\run.exe
31901 INFO: checking EXE
31902 INFO: Building EXE because EXE-00.toc is non existent
31902 INFO: Building EXE from EXE-00.toc
31902 INFO: Copying bootloader EXE to <project>\통합설치\.work\20261005_193554_4023abec\pyinstaller\python\python.exe
31969 INFO: Copying icon to EXE
32003 INFO: Copying version information to EXE
32045 INFO: Copying 0 resources to EXE
32045 INFO: Embedding manifest in EXE
32081 INFO: Appending PKG archive to EXE
32236 INFO: Fixing EXE headers
32568 INFO: Building EXE from EXE-00.toc completed successfully.
32578 INFO: checking COLLECT
32578 INFO: Building COLLECT because COLLECT-00.toc is non existent
32578 INFO: Building COLLECT COLLECT-00.toc
33587 INFO: Building COLLECT COLLECT-00.toc completed successfully.
33621 INFO: Build complete! The results are available in: <project>\통합설치\.work\20261005_193554_4023abec\frozen
