

<local-build>\DivineShield_Trading.mq5 : information: compiling <local-build>\DivineShield_Trading.mq5
<local-build>\DivineShield_Trading.mq5 : information: including <local-build>\Include\Trade\Trade.mqh
<local-build>\Include\Trade\Trade.mqh : information: including <local-build>\Include\Object.mqh
<local-build>\Include\Object.mqh : information: including <local-build>\Include\StdLibErr.mqh
<local-build>\Include\Trade\Trade.mqh : information: including <local-build>\Include\Trade\OrderInfo.mqh
<local-build>\Include\Trade\Trade.mqh : information: including <local-build>\Include\Trade\HistoryOrderInfo.mqh
<local-build>\Include\Trade\Trade.mqh : information: including <local-build>\Include\Trade\PositionInfo.mqh
<local-build>\Include\Trade\Trade.mqh : information: including <local-build>\Include\Trade\DealInfo.mqh
<local-build>\DivineShield_Trading.mq5(2531,121) : warning 89: 'POSITION_COMMISSION' is deprecated
<local-build>\DivineShield_Trading.mq5(1575,122) : warning 89: 'POSITION_COMMISSION' is deprecated
<local-build>\DivineShield_Trading.mq5(2096,111) : warning 89: 'POSITION_COMMISSION' is deprecated
 : information: generating code
 : information: generating code 3%
 : information: generating code 6%
 : information: generating code 9%
 : information: generating code 12%
 : information: generating code 15%
 : information: generating code 18%
 : information: generating code 21%
 : information: generating code 24%
 : information: generating code 27%
 : information: generating code 30%
 : information: generating code 33%
 : information: generating code 36%
 : information: generating code 39%
 : information: generating code 42%
 : information: generating code 45%
 : information: generating code 48%
 : information: generating code 51%
 : information: generating code 54%
 : information: generating code 57%
 : information: generating code 60%
 : information: generating code 63%
 : information: generating code 66%
 : information: generating code 69%
 : information: generating code 72%
 : information: generating code 75%
 : information: generating code 78%
 : information: generating code 81%
 : information: generating code 84%
 : information: generating code 87%
 : information: generating code 90%
 : information: generating code 93%
 : information: generating code 95%
 : information: generating code 100%
 : information: code generated
Result: 0 errors, 3 warnings, 1085 ms elapsed, cpu='X64 Regular'
