102 INFO: PyInstaller: 6.22.2, contrib hooks: 2026.8
103 INFO: Python: 3.13.15
118 INFO: Platform: Windows-11-10.0.26200-SP0
118 INFO: Python environment: <project>\통합설치\.buildenv
119 INFO: wrote <project>\통합설치\.work\20261005_192742_6ccd044b\launcher\python.spec
120 INFO: Removing temporary files and cleaning cache in <local>\AppData\Local\pyinstaller
88 WARNING: Failed to collect submodules for 'webview.platforms.android' because importing 'webview.platforms.android' raised: ModuleNotFoundError: No module named 'android'
2424 INFO: Module search paths (PYTHONPATH):
['<path> 프로젝트\\수정본113',
 '<path> 프로젝트\\수정본113\\통합설치',
 '<path>',
 '<path>',
 '<path>',
 '<path>',
 '<path> 프로젝트\\수정본113\\통합설치\\.buildenv',
 '<path> '
 '프로젝트\\수정본113\\통합설치\\.buildenv\\Lib\\site-packages',
 '<path> '
 '프로젝트\\수정본113\\통합설치\\.work\\20261005_192742_6ccd044b\\launcher']
2784 INFO: Appending 'binaries' from .spec
2785 INFO: Appending 'datas' from .spec
2797 INFO: checking Analysis
2797 INFO: Building Analysis because Analysis-00.toc is non existent
2797 INFO: Looking for Python shared library...
2797 INFO: Using Python shared library: <local>\AppData\Local\Programs\Python\Python313\python313.dll
2797 INFO: Running Analysis Analysis-00.toc
2797 INFO: Target bytecode optimization level: 0
2797 INFO: Initializing module dependency graph...
2798 INFO: Initializing module graph hook caches...
2818 INFO: Analyzing modules for base_library.zip ...
3913 INFO: Processing standard module hook 'hook-encodings.py' from '<path> 프로젝트\\수정본113\\통합설치\\.buildenv\\Lib\\site-packages\\PyInstaller\\hooks'
4254 INFO: Processing standard module hook 'hook-math.py' from '<path> 프로젝트\\수정본113\\통합설치\\.buildenv\\Lib\\site-packages\\PyInstaller\\hooks'
4523 INFO: Processing standard module hook 'hook-heapq.py' from '<path> 프로젝트\\수정본113\\통합설치\\.buildenv\\Lib\\site-packages\\PyInstaller\\hooks'
5650 INFO: Processing standard module hook 'hook-pickle.py' from '<path> 프로젝트\\수정본113\\통합설치\\.buildenv\\Lib\\site-packages\\PyInstaller\\hooks'
6528 INFO: Caching module dependency graph...
6550 INFO: Analyzing <project>\통합설치\.work\20261005_192742_6ccd044b\launcher\entry.py
6651 INFO: Processing standard module hook 'hook-multiprocessing.util.py' from '<path> 프로젝트\\수정본113\\통합설치\\.buildenv\\Lib\\site-packages\\PyInstaller\\hooks'
6760 INFO: Processing standard module hook 'hook-xml.py' from '<path> 프로젝트\\수정본113\\통합설치\\.buildenv\\Lib\\site-packages\\PyInstaller\\hooks'
6912 INFO: Processing standard module hook 'hook-sysconfig.py' from '<path> 프로젝트\\수정본113\\통합설치\\.buildenv\\Lib\\site-packages\\PyInstaller\\hooks'
6914 INFO: Processing standard module hook 'hook-_ctypes.py' from '<path> 프로젝트\\수정본113\\통합설치\\.buildenv\\Lib\\site-packages\\PyInstaller\\hooks'
6972 INFO: Analyzing hidden import 'MetaTrader5'
6978 INFO: Analyzing hidden import 'clr'
6978 INFO: Processing standard module hook 'hook-clr.py' from '<path> 프로젝트\\수정본113\\통합설치\\.buildenv\\Lib\\site-packages\\pythonnet\\_pyinstaller'
6988 INFO: Processing standard module hook 'hook-clr_loader.py' from '<path> 프로젝트\\수정본113\\통합설치\\.buildenv\\Lib\\site-packages\\_pyinstaller_hooks_contrib\\stdhooks'
7056 INFO: Processing standard module hook 'hook-pycparser.py' from '<path> 프로젝트\\수정본113\\통합설치\\.buildenv\\Lib\\site-packages\\_pyinstaller_hooks_contrib\\stdhooks'
7157 INFO: Processing standard module hook 'hook-setuptools.py' from '<path> 프로젝트\\수정본113\\통합설치\\.buildenv\\Lib\\site-packages\\PyInstaller\\hooks'
7158 INFO: SetuptoolsInfo: initializing cached setuptools info...
7512 INFO: Processing standard module hook 'hook-platform.py' from '<path> 프로젝트\\수정본113\\통합설치\\.buildenv\\Lib\\site-packages\\PyInstaller\\hooks'
7515 INFO: Processing pre-safe-import-module hook 'hook-distutils.py' from '<path> 프로젝트\\수정본113\\통합설치\\.buildenv\\Lib\\site-packages\\PyInstaller\\hooks\\pre_safe_import_module'
7556 INFO: Processing pre-safe-import-module hook 'hook-jaraco.py' from '<path> 프로젝트\\수정본113\\통합설치\\.buildenv\\Lib\\site-packages\\PyInstaller\\hooks\\pre_safe_import_module'
7556 INFO: Setuptools: 'jaraco' appears to be a full setuptools-vendored copy - creating alias to 'setuptools._vendor.jaraco'!
7570 INFO: Processing pre-safe-import-module hook 'hook-more_itertools.py' from '<path> 프로젝트\\수정본113\\통합설치\\.buildenv\\Lib\\site-packages\\PyInstaller\\hooks\\pre_safe_import_module'
7570 INFO: Setuptools: 'more_itertools' appears to be a setuptools-vendored copy - creating alias to 'setuptools._vendor.more_itertools'!
7733 INFO: Processing standard module hook 'hook-_osx_support.py' from '<path> 프로젝트\\수정본113\\통합설치\\.buildenv\\Lib\\site-packages\\PyInstaller\\hooks'
7739 INFO: Processing pre-safe-import-module hook 'hook-typing_extensions.py' from '<path> 프로젝트\\수정본113\\통합설치\\.buildenv\\Lib\\site-packages\\PyInstaller\\hooks\\pre_safe_import_module'
8192 INFO: Processing pre-safe-import-module hook 'hook-packaging.py' from '<path> 프로젝트\\수정본113\\통합설치\\.buildenv\\Lib\\site-packages\\PyInstaller\\hooks\\pre_safe_import_module'
8372 INFO: Processing standard module hook 'hook-setuptools._vendor.jaraco.text.py' from '<path> 프로젝트\\수정본113\\통합설치\\.buildenv\\Lib\\site-packages\\PyInstaller\\hooks'
8373 INFO: Processing pre-safe-import-module hook 'hook-importlib_resources.py' from '<path> 프로젝트\\수정본113\\통합설치\\.buildenv\\Lib\\site-packages\\PyInstaller\\hooks\\pre_safe_import_module'
8517 INFO: Processing pre-safe-import-module hook 'hook-backports.py' from '<path> 프로젝트\\수정본113\\통합설치\\.buildenv\\Lib\\site-packages\\PyInstaller\\hooks\\pre_safe_import_module'
8517 INFO: Setuptools: 'backports' appears to be a full setuptools-vendored copy - creating alias to 'setuptools._vendor.backports'!
8881 INFO: Processing pre-safe-import-module hook 'hook-tomli.py' from '<path> 프로젝트\\수정본113\\통합설치\\.buildenv\\Lib\\site-packages\\PyInstaller\\hooks\\pre_safe_import_module'
8881 INFO: Setuptools: 'tomli' appears to be a setuptools-vendored copy - creating alias to 'setuptools._vendor.tomli'!
9206 INFO: Processing pre-safe-import-module hook 'hook-wheel.py' from '<path> 프로젝트\\수정본113\\통합설치\\.buildenv\\Lib\\site-packages\\PyInstaller\\hooks\\pre_safe_import_module'
9206 INFO: Setuptools: 'wheel' appears to be a setuptools-vendored copy - creating alias to 'setuptools._vendor.wheel'!
9426 INFO: Processing standard module hook 'hook-webbrowser.py' from '<path> 프로젝트\\수정본113\\통합설치\\.buildenv\\Lib\\site-packages\\PyInstaller\\hooks'
9754 INFO: Processing standard module hook 'hook-xml.etree.cElementTree.py' from '<path> 프로젝트\\수정본113\\통합설치\\.buildenv\\Lib\\site-packages\\PyInstaller\\hooks'
9775 INFO: Analyzing hidden import 'collections.abc'
9776 ERROR: Hidden import 'collections.abc' not found
9776 INFO: Analyzing hidden import 'duckdb'
9778 INFO: Processing standard module hook 'hook-duckdb.py' from '<path> 프로젝트\\수정본113\\통합설치\\.buildenv\\Lib\\site-packages\\_pyinstaller_hooks_contrib\\stdhooks'
10067 INFO: Analyzing hidden import 'html.parser'
10085 INFO: Analyzing hidden import 'jsonschema'
10087 INFO: Processing standard module hook 'hook-jsonschema.py' from '<path> 프로젝트\\수정본113\\통합설치\\.buildenv\\Lib\\site-packages\\_pyinstaller_hooks_contrib\\stdhooks'
10322 INFO: Processing standard module hook 'hook-jsonschema_specifications.py' from '<path> 프로젝트\\수정본113\\통합설치\\.buildenv\\Lib\\site-packages\\_pyinstaller_hooks_contrib\\stdhooks'
10361 INFO: Processing standard module hook 'hook-urllib3.py' from '<path> 프로젝트\\수정본113\\통합설치\\.buildenv\\Lib\\site-packages\\_pyinstaller_hooks_contrib\\stdhooks'
10631 INFO: Processing standard module hook 'hook-certifi.py' from '<path> 프로젝트\\수정본113\\통합설치\\.buildenv\\Lib\\site-packages\\_pyinstaller_hooks_contrib\\stdhooks'
10658 INFO: Processing standard module hook 'hook-charset_normalizer.py' from '<path> 프로젝트\\수정본113\\통합설치\\.buildenv\\Lib\\site-packages\\_pyinstaller_hooks_contrib\\stdhooks'
10775 INFO: Analyzing hidden import 'logging.handlers'
10818 INFO: Analyzing hidden import 'numpy'
10829 INFO: Processing standard module hook 'hook-numpy.py' from '<path> 프로젝트\\수정본113\\통합설치\\.buildenv\\Lib\\site-packages\\PyInstaller\\hooks'
11152 INFO: Processing standard module hook 'hook-difflib.py' from '<path> 프로젝트\\수정본113\\통합설치\\.buildenv\\Lib\\site-packages\\PyInstaller\\hooks'
12329 INFO: Analyzing hidden import 'pandas'
12332 INFO: Processing standard module hook 'hook-pandas.py' from '<path> 프로젝트\\수정본113\\통합설치\\.buildenv\\Lib\\site-packages\\PyInstaller\\hooks'
13343 INFO: Processing standard module hook 'hook-zoneinfo.py' from '<path> 프로젝트\\수정본113\\통합설치\\.buildenv\\Lib\\site-packages\\_pyinstaller_hooks_contrib\\stdhooks'
15250 INFO: Processing standard module hook 'hook-pandas.io.formats.style.py' from '<path> 프로젝트\\수정본113\\통합설치\\.buildenv\\Lib\\site-packages\\PyInstaller\\hooks'
17806 INFO: Processing standard module hook 'hook-pandas.plotting.py' from '<path> 프로젝트\\수정본113\\통합설치\\.buildenv\\Lib\\site-packages\\PyInstaller\\hooks'
18475 INFO: Processing standard module hook 'hook-dateutil.py' from '<path> 프로젝트\\수정본113\\통합설치\\.buildenv\\Lib\\site-packages\\_pyinstaller_hooks_contrib\\stdhooks'
18657 INFO: Processing pre-safe-import-module hook 'hook-six.moves.py' from '<path> 프로젝트\\수정본113\\통합설치\\.buildenv\\Lib\\site-packages\\PyInstaller\\hooks\\pre_safe_import_module'
20208 INFO: Processing standard module hook 'hook-sqlite3.py' from '<path> 프로젝트\\수정본113\\통합설치\\.buildenv\\Lib\\site-packages\\PyInstaller\\hooks'
20424 INFO: Processing standard module hook 'hook-pandas.io.clipboard.py' from '<path> 프로젝트\\수정본113\\통합설치\\.buildenv\\Lib\\site-packages\\PyInstaller\\hooks'
20577 INFO: Processing standard module hook 'hook-xml.dom.domreg.py' from '<path> 프로젝트\\수정본113\\통합설치\\.buildenv\\Lib\\site-packages\\PyInstaller\\hooks'
21127 INFO: Analyzing hidden import 'tzdata'
21127 INFO: Analyzing hidden import 'webview'
21144 INFO: Processing standard module hook 'hook-webview.py' from '<path> 프로젝트\\수정본113\\통합설치\\.buildenv\\Lib\\site-packages\\webview\\__pyinstaller'
21674 INFO: Processing pre-safe-import-module hook 'hook-gi.py' from '<path> 프로젝트\\수정본113\\통합설치\\.buildenv\\Lib\\site-packages\\PyInstaller\\hooks\\pre_safe_import_module'
21907 INFO: Analyzing hidden import 'zmq'
21911 INFO: Processing standard module hook 'hook-zmq.py' from '<path> 프로젝트\\수정본113\\통합설치\\.buildenv\\Lib\\site-packages\\_pyinstaller_hooks_contrib\\stdhooks'
22251 INFO: Analyzing hidden import 'webview.__pyinstaller'
22252 INFO: Analyzing hidden import 'webview.__pyinstaller.hook-webview'
22278 INFO: Processing pre-safe-import-module hook 'hook-importlib_metadata.py' from '<path> 프로젝트\\수정본113\\통합설치\\.buildenv\\Lib\\site-packages\\PyInstaller\\hooks\\pre_safe_import_module'
22278 INFO: Setuptools: 'importlib_metadata' appears to be a setuptools-vendored copy - creating alias to 'setuptools._vendor.importlib_metadata'!
22312 INFO: Processing standard module hook 'hook-setuptools._vendor.importlib_metadata.py' from '<path> 프로젝트\\수정본113\\통합설치\\.buildenv\\Lib\\site-packages\\PyInstaller\\hooks'
22341 INFO: Processing pre-safe-import-module hook 'hook-zipp.py' from '<path> 프로젝트\\수정본113\\통합설치\\.buildenv\\Lib\\site-packages\\PyInstaller\\hooks\\pre_safe_import_module'
22341 INFO: Setuptools: 'zipp' appears to be a setuptools-vendored copy - creating alias to 'setuptools._vendor.zipp'!
22378 INFO: Processing standard module hook 'hook-win32ctypes.core.py' from '<path> 프로젝트\\수정본113\\통합설치\\.buildenv\\Lib\\site-packages\\PyInstaller\\hooks'
23599 INFO: Analyzing hidden import 'webview._version'
23600 INFO: Analyzing hidden import 'pythonnet._pyinstaller'
23601 INFO: Analyzing hidden import 'pythonnet._pyinstaller.hook-clr'
23602 INFO: Analyzing hidden import 'tzdata.zoneinfo'
23603 INFO: Analyzing hidden import 'tzdata.zoneinfo.Africa'
23604 INFO: Analyzing hidden import 'tzdata.zoneinfo.America'
23604 INFO: Analyzing hidden import 'tzdata.zoneinfo.America.Argentina'
23605 INFO: Analyzing hidden import 'tzdata.zoneinfo.America.Indiana'
23606 INFO: Analyzing hidden import 'tzdata.zoneinfo.America.Kentucky'
23606 INFO: Analyzing hidden import 'tzdata.zoneinfo.America.North_Dakota'
23606 INFO: Analyzing hidden import 'tzdata.zoneinfo.Antarctica'
23609 INFO: Analyzing hidden import 'tzdata.zoneinfo.Arctic'
23609 INFO: Analyzing hidden import 'tzdata.zoneinfo.Asia'
23610 INFO: Analyzing hidden import 'tzdata.zoneinfo.Atlantic'
23610 INFO: Analyzing hidden import 'tzdata.zoneinfo.Australia'
23610 INFO: Analyzing hidden import 'tzdata.zoneinfo.Brazil'
23611 INFO: Analyzing hidden import 'tzdata.zoneinfo.Canada'
23612 INFO: Analyzing hidden import 'tzdata.zoneinfo.Chile'
23612 INFO: Analyzing hidden import 'tzdata.zoneinfo.Etc'
23612 INFO: Analyzing hidden import 'tzdata.zoneinfo.Europe'
23613 INFO: Analyzing hidden import 'tzdata.zoneinfo.Indian'
23614 INFO: Analyzing hidden import 'tzdata.zoneinfo.Mexico'
23614 INFO: Analyzing hidden import 'tzdata.zoneinfo.Pacific'
23614 INFO: Analyzing hidden import 'tzdata.zoneinfo.US'
23615 INFO: Analyzing hidden import 'jsonschema_specifications.tests'
23615 INFO: Analyzing hidden import 'jsonschema_specifications.tests.test_jsonschema_specifications'
23618 INFO: Processing module hooks (post-graph stage)...
23938 WARNING: Hidden import "pycparser.lextab" not found!
23938 WARNING: Hidden import "pycparser.yacctab" not found!
23939 INFO: Processing standard module hook 'hook-tzdata.py' from '<path> 프로젝트\\수정본113\\통합설치\\.buildenv\\Lib\\site-packages\\_pyinstaller_hooks_contrib\\stdhooks'
24551 INFO: Performing binary vs. data reclassification (810 entries)
26635 INFO: Looking for ctypes DLLs
26689 INFO: Analyzing run-time hooks ...
26694 INFO: Including run-time hook 'pyi_rth_inspect.py' from '<path> 프로젝트\\수정본113\\통합설치\\.buildenv\\Lib\\site-packages\\PyInstaller\\hooks\\rthooks'
26697 INFO: Including run-time hook 'pyi_rth_pkgutil.py' from '<path> 프로젝트\\수정본113\\통합설치\\.buildenv\\Lib\\site-packages\\PyInstaller\\hooks\\rthooks'
26699 INFO: Including run-time hook 'pyi_rth_setuptools.py' from '<path> 프로젝트\\수정본113\\통합설치\\.buildenv\\Lib\\site-packages\\PyInstaller\\hooks\\rthooks'
26701 INFO: Including run-time hook 'pyi_rth_multiprocessing.py' from '<path> 프로젝트\\수정본113\\통합설치\\.buildenv\\Lib\\site-packages\\PyInstaller\\hooks\\rthooks'
26742 INFO: Creating base_library.zip...
26774 INFO: Looking for dynamic libraries
27526 INFO: Extra DLL search directories (AddDllDirectory): ['<path> 프로젝트\\수정본113\\통합설치\\.buildenv\\Lib\\site-packages\\pandas.libs', '<path> 프로젝트\\수정본113\\통합설치\\.buildenv\\Lib\\site-packages\\numpy.libs']
27526 INFO: Extra DLL search directories (PATH): []
28267 INFO: Warnings written to <project>\통합설치\.work\20261005_192742_6ccd044b\pyinstaller\python\warn-python.txt
28404 INFO: Graph cross-reference written to <project>\통합설치\.work\20261005_192742_6ccd044b\pyinstaller\python\xref-python.html
28514 INFO: checking PYZ
28514 INFO: Building PYZ because PYZ-00.toc is non existent
28514 INFO: Building PYZ (ZlibArchive) <project>\통합설치\.work\20261005_192742_6ccd044b\pyinstaller\python\PYZ-00.pyz
29771 INFO: Building PYZ (ZlibArchive) <project>\통합설치\.work\20261005_192742_6ccd044b\pyinstaller\python\PYZ-00.pyz completed successfully.
29816 INFO: checking PKG
29816 INFO: Building PKG because PKG-00.toc is non existent
29816 INFO: Building PKG (CArchive) python.pkg
29843 INFO: Building PKG (CArchive) python.pkg completed successfully.
29844 INFO: Bootloader <project>\통합설치\.buildenv\Lib\site-packages\PyInstaller\bootloader\Windows-64bit-intel\run.exe
29844 INFO: checking EXE
29844 INFO: Building EXE because EXE-00.toc is non existent
29844 INFO: Building EXE from EXE-00.toc
29844 INFO: Copying bootloader EXE to <project>\통합설치\.work\20261005_192742_6ccd044b\pyinstaller\python\python.exe
29910 INFO: Copying icon to EXE
29943 INFO: Copying version information to EXE
29978 INFO: Copying 0 resources to EXE
29978 INFO: Embedding manifest in EXE
30011 INFO: Appending PKG archive to EXE
30165 INFO: Fixing EXE headers
30484 INFO: Building EXE from EXE-00.toc completed successfully.
30493 INFO: checking COLLECT
30493 INFO: Building COLLECT because COLLECT-00.toc is non existent
30494 INFO: Building COLLECT COLLECT-00.toc
31546 INFO: Building COLLECT COLLECT-00.toc completed successfully.
31575 INFO: Build complete! The results are available in: <project>\통합설치\.work\20261005_192742_6ccd044b\frozen
